// Jest Snapshot v1, https://jestjs.io/docs/snapshot-testing

exports[`matches snapshot 1`] = `
<DocumentFragment>
  <div>
    <span>
      Test
    </span>
    <button>
      X
    </button>
  </div>
</DocumentFragment>
`;
